[debug] [2026-05-04T12:08:31.696Z] ----------------------------------------------------------------------
[debug] [2026-05-04T12:08:31.698Z] Command:       C:\Program Files\nodejs\node.exe C:\Users\Admin\AppData\Roaming\npm\node_modules\firebase-tools\lib\bin\firebase.js init
[debug] [2026-05-04T12:08:31.698Z] CLI Version:   15.16.0
[debug] [2026-05-04T12:08:31.698Z] Platform:      win32
[debug] [2026-05-04T12:08:31.698Z] Node Version:  v22.19.0
[debug] [2026-05-04T12:08:31.698Z] Time:          Mon May 04 2026 15:08:31 GMT+0300 (Москва, стандартное время)
[debug] [2026-05-04T12:08:31.698Z] ----------------------------------------------------------------------
[debug] 
[info] 
     ######## #### ########  ######## ########     ###     ######  ########
     ##        ##  ##     ## ##       ##     ##  ##   ##  ##       ##
     ######    ##  ########  ######   ########  #########  ######  ######
     ##        ##  ##    ##  ##       ##     ## ##     ##       ## ##
     ##       #### ##     ## ######## ########  ##     ##  ######  ########

You're about to initialize a Firebase project in this directory:

  C:\FugarovProjects\firebase-mini-app

Before we get started, keep in mind:

  * You are currently outside your home directory
  * You are initializing within an existing Firebase project directory

[info] 
=== Project Setup
[info] 
[info] First, let's associate this project directory with a Firebase project.
[info] You can create multiple project aliases by running firebase use --add, 
[info] 
[debug] [2026-05-04T12:09:45.280Z] > command requires scopes: ["email","openid","https://www.googleapis.com/auth/cloudplatformprojects.readonly","https://www.googleapis.com/auth/firebase","https://www.googleapis.com/auth/cloud-platform"]
[debug] [2026-05-04T12:09:45.281Z] > authorizing via signed-in user (andrewfugi64@gmail.com)
[debug] [2026-05-04T12:09:45.282Z] Checked if tokens are valid: true, expires at: 1777899128121
[debug] [2026-05-04T12:09:45.282Z] Checked if tokens are valid: true, expires at: 1777899128121
[debug] [2026-05-04T12:09:45.283Z] >>> [apiv2][query] GET https://firebase.googleapis.com/v1beta1/projects pageSize=100
[debug] [2026-05-04T12:09:46.286Z] <<< [apiv2][status] GET https://firebase.googleapis.com/v1beta1/projects 200
[debug] [2026-05-04T12:09:46.286Z] <<< [apiv2][body] GET https://firebase.googleapis.com/v1beta1/projects [omitted]
[info] 
=== Hosting Setup
[debug] [2026-05-04T12:10:01.243Z] Checked if tokens are valid: true, expires at: 1777899128121
[debug] [2026-05-04T12:10:01.243Z] Checked if tokens are valid: true, expires at: 1777899128121
[debug] [2026-05-04T12:10:01.243Z] >>> [apiv2][query] GET https://firebase.googleapis.com/v1beta1/projects/mini-firebase-app [none]
[debug] [2026-05-04T12:10:01.832Z] <<< [apiv2][status] GET https://firebase.googleapis.com/v1beta1/projects/mini-firebase-app 200
[debug] [2026-05-04T12:10:01.832Z] <<< [apiv2][body] GET https://firebase.googleapis.com/v1beta1/projects/mini-firebase-app {"projectId":"mini-firebase-app","projectNumber":"959027697875","displayName":"mini-firebase-app","name":"projects/mini-firebase-app","resources":{"hostingSite":"mini-firebase-app"},"state":"ACTIVE","etag":"1_13097188-ebe1-45c2-8c0b-616a2edf3a75"}
[info] 
[info] Your public directory is the folder (relative to your project directory) that
[info] will contain Hosting assets to be uploaded with firebase deploy. If you
[info] have a build process for your assets, use your build's output directory.
[info] 
[info] 
[info] i  Didn't detect a .git folder. Assuming C:\FugarovProjects\firebase-mini-app is the project root. 
[info] i  Authorizing with GitHub to upload your service account to a GitHub repository's secrets store. 
[info] 
[info] Visit this URL on this device to log in:
[info] https://github.com/login/oauth/authorize?client_id=89cf50f02ac6aaed3484&state=363247885&redirect_uri=http%3A%2F%2Flocalhost%3A9005&scope=read%3Auser%20repo%20public_repo
[info] 
[info] Waiting for authentication...
[debug] [2026-05-04T12:14:06.408Z] >>> [apiv2][query] POST https://github.com/login/oauth/access_token [none]
[debug] [2026-05-04T12:14:06.408Z] >>> [apiv2][body] POST https://github.com/login/oauth/access_token [stream]
[debug] [2026-05-04T12:14:06.814Z] <<< [apiv2][status] POST https://github.com/login/oauth/access_token 200
[debug] [2026-05-04T12:14:06.814Z] <<< [apiv2][body] POST https://github.com/login/oauth/access_token {"access_token":"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","token_type":"bearer","scope":"read:user,repo"}
[debug] [2026-05-04T12:14:06.817Z] >>> [apiv2][query] GET https://api.github.com/user [none]
[debug] [2026-05-04T12:14:07.192Z] <<< [apiv2][status] GET https://api.github.com/user 200
[debug] [2026-05-04T12:14:07.192Z] <<< [apiv2][body] GET https://api.github.com/user {"login":"andrewgeek1","id":190549476,"node_id":"U_kgDOC1uN5A","avatar_url":"https://avatars.githubusercontent.com/u/190549476?v=4","gravatar_id":"","url":"https://api.github.com/users/andrewgeek1","html_url":"https://github.com/andrewgeek1","followers_url":"https://api.github.com/users/andrewgeek1/followers","following_url":"https://api.github.com/users/andrewgeek1/following{/other_user}","gists_url":"https://api.github.com/users/andrewgeek1/gists{/gist_id}","starred_url":"https://api.github.com/users/andrewgeek1/starred{/owner}{/repo}","subscriptions_url":"https://api.github.com/users/andrewgeek1/subscriptions","organizations_url":"https://api.github.com/users/andrewgeek1/orgs","repos_url":"https://api.github.com/users/andrewgeek1/repos","events_url":"https://api.github.com/users/andrewgeek1/events{/privacy}","received_events_url":"https://api.github.com/users/andrewgeek1/received_events","type":"User","user_view_type":"private","site_admin":false,"name":null,"company":null,"blog":"","location":null,"email":null,"hireable":null,"bio":null,"twitter_username":null,"notification_email":null,"public_repos":19,"public_gists":0,"followers":0,"following":0,"created_at":"2024-12-03T22:52:47Z","updated_at":"2026-03-20T18:33:12Z","private_gists":0,"total_private_repos":5,"owned_private_repos":5,"disk_usage":11053,"collaborators":0,"two_factor_authentication":false,"plan":{"name":"free","space":976562499,"collaborators":0,"private_repos":10000}}
[info] 
[info] +  Success! Logged into GitHub as andrewgeek1 
[info] 
[debug] [2026-05-04T12:14:15.968Z] >>> [apiv2][query] GET https://api.github.com/repos//actions/secrets/public-key type=owner
[debug] [2026-05-04T12:14:16.223Z] <<< [apiv2][status] GET https://api.github.com/repos//actions/secrets/public-key 404
[debug] [2026-05-04T12:14:16.223Z] <<< [apiv2][body] GET https://api.github.com/repos//actions/secrets/public-key {"message":"Not Found","documentation_url":"https://docs.github.com/rest","status":"404"}
[info] 
[info] 
[error] !  The provided authorization cannot be used with this repository. If this repository is in an organization, did you remember to grant access? 
[info] 
[info] i  Action required: Visit this URL to ensure access has been granted to the appropriate organization(s) for the Firebase CLI GitHub OAuth App: 
[info] https://github.com/settings/connections/applications/89cf50f02ac6aaed3484
[info] 
[debug] [2026-05-04T12:14:27.710Z] >>> [apiv2][query] GET https://api.github.com/repos//actions/secrets/public-key type=owner
[debug] [2026-05-04T12:14:27.977Z] <<< [apiv2][status] GET https://api.github.com/repos//actions/secrets/public-key 404
[debug] [2026-05-04T12:14:27.977Z] <<< [apiv2][body] GET https://api.github.com/repos//actions/secrets/public-key {"message":"Not Found","documentation_url":"https://docs.github.com/rest","status":"404"}
[info] 
[info] 
[error] !  The provided authorization cannot be used with this repository. If this repository is in an organization, did you remember to grant access? 
[info] 
[info] i  Action required: Visit this URL to ensure access has been granted to the appropriate organization(s) for the Firebase CLI GitHub OAuth App: 
[info] https://github.com/settings/connections/applications/89cf50f02ac6aaed3484
[info] 
[debug] [2026-05-04T12:14:42.344Z] >>> [apiv2][query] GET https://api.github.com/repos/no/actions/secrets/public-key type=owner
[debug] [2026-05-04T12:14:42.604Z] <<< [apiv2][status] GET https://api.github.com/repos/no/actions/secrets/public-key 404
[debug] [2026-05-04T12:14:42.604Z] <<< [apiv2][body] GET https://api.github.com/repos/no/actions/secrets/public-key {"message":"Not Found","documentation_url":"https://docs.github.com/rest","status":"404"}
[info] 
[info] 
[error] !  The provided authorization cannot be used with this repository. If this repository is in an organization, did you remember to grant access? 
[info] 
[info] i  Action required: Visit this URL to ensure access has been granted to the appropriate organization(s) for the Firebase CLI GitHub OAuth App: 
[info] https://github.com/settings/connections/applications/89cf50f02ac6aaed3484
[info] 
[debug] [2026-05-04T12:15:34.468Z] >>> [apiv2][query] GET https://api.github.com/repos//actions/secrets/public-key type=owner
[debug] [2026-05-04T12:15:34.749Z] <<< [apiv2][status] GET https://api.github.com/repos//actions/secrets/public-key 404
[debug] [2026-05-04T12:15:34.750Z] <<< [apiv2][body] GET https://api.github.com/repos//actions/secrets/public-key {"message":"Not Found","documentation_url":"https://docs.github.com/rest","status":"404"}
[info] 
[info] 
[error] !  The provided authorization cannot be used with this repository. If this repository is in an organization, did you remember to grant access? 
[info] 
[info] i  Action required: Visit this URL to ensure access has been granted to the appropriate organization(s) for the Firebase CLI GitHub OAuth App: 
[info] https://github.com/settings/connections/applications/89cf50f02ac6aaed3484
[info] 
[debug] [2026-05-04T12:16:33.212Z] >>> [apiv2][query] GET https://api.github.com/repos//actions/secrets/public-key type=owner
[debug] [2026-05-04T12:16:33.469Z] <<< [apiv2][status] GET https://api.github.com/repos//actions/secrets/public-key 404
[debug] [2026-05-04T12:16:33.469Z] <<< [apiv2][body] GET https://api.github.com/repos//actions/secrets/public-key {"message":"Not Found","documentation_url":"https://docs.github.com/rest","status":"404"}
[info] 
[info] 
[error] !  The provided authorization cannot be used with this repository. If this repository is in an organization, did you remember to grant access? 
[info] 
[info] i  Action required: Visit this URL to ensure access has been granted to the appropriate organization(s) for the Firebase CLI GitHub OAuth App: 
[info] https://github.com/settings/connections/applications/89cf50f02ac6aaed3484
[info] 
